
[1m[46m RUN [49m[22m [36mv4.0.18 [39m[90mD:/ProjectCoding/datafix-ticketing[39m

 [32mΓ£ô[39m src/__tests__/constants/assignees.test.ts [2m([22m[2m3 tests[22m[2m)[22m[32m 8[2mms[22m[39m
 [32mΓ£ô[39m src/__tests__/App.test.tsx [2m([22m[2m9 tests[22m[2m)[22m[32m 92[2mms[22m[39m
 [32mΓ£ô[39m src/__tests__/pages/CreateTicket.test.tsx [2m([22m[2m12 tests[22m[2m)[22m[33m 390[2mms[22m[39m
 [32mΓ£ô[39m src/__tests__/pages/TicketDetail.test.tsx [2m([22m[2m15 tests[22m[2m)[22m[33m 544[2mms[22m[39m
 [32mΓ£ô[39m src/__tests__/pages/UserManagement.test.tsx [2m([22m[2m9 tests[22m[2m)[22m[32m 200[2mms[22m[39m
 [32mΓ£ô[39m src/__tests__/pages/TicketList.test.tsx [2m([22m[2m10 tests[22m[2m)[22m[33m 363[2mms[22m[39m

[2m Test Files [22m [1m[32m6 passed[39m[22m[90m (6)[39m
[2m      Tests [22m [1m[32m58 passed[39m[22m[90m (58)[39m
[2m   Start at [22m 16:35:38
[2m   Duration [22m 3.19s[2m (transform 1.18s, setup 723ms, import 4.16s, tests 1.60s, environment 6.29s)[22m

